
> team-issue-tracker-backend@1.0.0 test
> jest --verbose

